SIZE  NAME 20231113 -s 10 ./unit_tests/size_tests
1000	./unit_tests/size_tests
