SIZE  NAME 20231113 -s 100 ./unit_tests/size_tests
900	./unit_tests/size_tests
