SIZE  NAME 20231113 -s 200 ./unit_tests/size_tests
700	./unit_tests/size_tests
