SIZE  NAME 20231113 -s 300 ./unit_tests/size_tests
400	./unit_tests/size_tests
