SIZE  NAME 20231113 -n abc.* ./unit_tests/regex_tests
20	./unit_tests/regex_tests
