SIZE  NAME 20231113 -n .*a+.* ./unit_tests/regex_tests
50	./unit_tests/regex_tests
