SIZE  NAME 20231113 -n [abc] ./unit_tests/regex_tests
30	./unit_tests/regex_tests
