SIZE  NAME 20231113 -n [a-z] ./unit_tests/regex_tests
70	./unit_tests/regex_tests
