SIZE  NAME 20231113 -r (...)old.out (...)new.out
-11422	./unit_tests/special_chars	REMOVED
-300	./unit_tests/size_tests
0	./unit_tests/date_tests
NA	./unit_tests
NA	./unit_tests/permissionless
-NA	./unit_tests/permissionless/unaccessable_dir	REMOVED
272	./unit_tests/spacerate
323	./unit_tests/regex_tests
848	./unit_tests/new_dir	NEW
