SIZE  NAME 20231113 -ar ./unit_tests/spacerate/old.out ./unit_tests/spacerate/new.out
NA	./unit_tests
0	./unit_tests/date_tests
848	./unit_tests/new_dir	NEW
NA	./unit_tests/permissionless
-NA	./unit_tests/permissionless/unaccessable_dir	REMOVED
323	./unit_tests/regex_tests
-300	./unit_tests/size_tests
272	./unit_tests/spacerate
-11422	./unit_tests/special_chars	REMOVED
