SIZE  NAME 20231113 -l 1 (...)old.out (...)new.out
848	./unit_tests/new_dir	NEW
