SIZE  NAME 20231113 -d n ./unit_tests/date_tests
40	./unit_tests/date_tests
