SIZE  NAME 20231113 -d Nov 1 ./unit_tests/date_tests
30	./unit_tests/date_tests
