SIZE  NAME 20231113 -d 01/10/2023 ./unit_tests/date_tests
0	./unit_tests/date_tests
