SIZE  NAME 20231113 -d 2023/8/01 ./unit_tests/date_tests
0	./unit_tests/date_tests
