SIZE  NAME 20231113 -a ./unit_tests
40	./unit_tests/date_tests
100	./unit_tests/regex_tests
1010	./unit_tests/size_tests
11422	./unit_tests/special_chars
NA	./unit_tests
NA	./unit_tests/permissionless
NA	./unit_tests/permissionless/unaccessable_dir
