SIZE  NAME 20231113 -l 1 ./unit_tests
11422	./unit_tests/special_chars
